// Jest Snapshot v1, https://goo.gl/fbAQLP

exports[`<Header /> should render the heading 1`] = `
<header
  class="w-full mb-6 max-w-2xl"
>
  <h1
    class="text-2xl font-bold text-dark"
  >
    Lista de Compras
  </h1>
</header>
`;
